Archive member included because of file (symbol)

C:\Pumpkin\Salvo\Lib\GCCAVR\libsalvofgccavr-t.a(salvodelay.o)
                              atmega8.o (OSDelay)
C:\Pumpkin\Salvo\Lib\GCCAVR\libsalvofgccavr-t.a(salvoinit.o)
                              atmega8.o (OSInit)
C:\Pumpkin\Salvo\Lib\GCCAVR\libsalvofgccavr-t.a(salvoinit2.o)
                              atmega8.o (OSCreateTask)
C:\Pumpkin\Salvo\Lib\GCCAVR\libsalvofgccavr-t.a(salvoqins.o)
                              C:\Pumpkin\Salvo\Lib\GCCAVR\libsalvofgccavr-t.a(salvoinit2.o) (OSInsPrioQ)
C:\Pumpkin\Salvo\Lib\GCCAVR\libsalvofgccavr-t.a(salvosched.o)
                              atmega8.o (OSSched)
C:\Pumpkin\Salvo\Lib\GCCAVR\libsalvofgccavr-t.a(salvotimer.o)
                              atmega8.o (OSTimer)
C:\Pumpkin\Salvo\Lib\GCCAVR\libsalvofgccavr-t.a(salvohook_idle.o)
                              C:\Pumpkin\Salvo\Lib\GCCAVR\libsalvofgccavr-t.a(salvosched.o) (OSIdlingHook)
C:\Pumpkin\Salvo\Lib\GCCAVR\libsalvofgccavr-t.a(salvohook_interrupt.o)
                              C:\Pumpkin\Salvo\Lib\GCCAVR\libsalvofgccavr-t.a(salvodelay.o) (OSDisableHook)
C:\Pumpkin\Salvo\Lib\GCCAVR\libsalvofgccavr-t.a(salvohook_wdt.o)
                              C:\Pumpkin\Salvo\Lib\GCCAVR\libsalvofgccavr-t.a(salvosched.o) (OSClrWDTHook)
C:\Pumpkin\Salvo\Lib\GCCAVR\libsalvofgccavr-t.a(salvoportgccavr.o)
                              C:\Pumpkin\Salvo\Lib\GCCAVR\libsalvofgccavr-t.a(salvosched.o) (OSDispatch)
C:\Pumpkin\Salvo\Lib\GCCAVR\libsalvofgccavr-t.a(salvoqdel.o)
                              C:\Pumpkin\Salvo\Lib\GCCAVR\libsalvofgccavr-t.a(salvosched.o) (OSDelPrioQ)
c:/winavr/bin/../lib/gcc/avr/4.3.2/avr4\libgcc.a(_exit.o)
                              c:/winavr/bin/../lib/gcc/avr/4.3.2/../../../../avr/lib/avr4/crtm8.o (exit)
c:/winavr/bin/../lib/gcc/avr/4.3.2/avr4\libgcc.a(_copy_data.o)
                              atmega8.o (__do_copy_data)
c:/winavr/bin/../lib/gcc/avr/4.3.2/avr4\libgcc.a(_clear_bss.o)
                              atmega8.o (__do_clear_bss)

Allocating common symbols
Common symbol       size              file

OScTcbP             0x2               salvomem.o
OSsigQinP           0x2               salvomem.o
OSframeP            0x2               salvomem.o
OSdelayQP           0x2               salvomem.o
OSlostTicks         0x1               salvomem.o
OSeligQP            0x2               salvomem.o
OStimerTicks        0x4               salvomem.o
OSecbArea           0x5               salvomem.o
OStcbArea           0x21              salvomem.o
OSsigQoutP          0x2               salvomem.o

Memory Configuration

Name             Origin             Length             Attributes
text             0x00000000         0x00002000         xr
data             0x00800060         0x0000ffa0         rw !x
eeprom           0x00810000         0x00010000         rw !x
fuse             0x00820000         0x00000400         rw !x
lock             0x00830000         0x00000400         rw !x
signature        0x00840000         0x00000400         rw !x
*default*        0x00000000         0xffffffff

Linker script and memory map

LOAD c:/winavr/bin/../lib/gcc/avr/4.3.2/../../../../avr/lib/avr4/crtm8.o
LOAD atmega8.o
LOAD salvomem.o
LOAD C:\Pumpkin\Salvo\Lib\GCCAVR\libsalvofgccavr-t.a
LOAD c:/winavr/bin/../lib/gcc/avr/4.3.2/avr4\libgcc.a
LOAD c:/winavr/bin/../lib/gcc/avr/4.3.2/../../../../avr/lib/avr4\libc.a
LOAD c:/winavr/bin/../lib/gcc/avr/4.3.2/avr4\libgcc.a

.hash
 *(.hash)

.dynsym
 *(.dynsym)

.dynstr
 *(.dynstr)

.gnu.version
 *(.gnu.version)

.gnu.version_d
 *(.gnu.version_d)

.gnu.version_r
 *(.gnu.version_r)

.rel.init
 *(.rel.init)

.rela.init
 *(.rela.init)

.rel.text
 *(.rel.text)
 *(.rel.text.*)
 *(.rel.gnu.linkonce.t*)

.rela.text
 *(.rela.text)
 *(.rela.text.*)
 *(.rela.gnu.linkonce.t*)

.rel.fini
 *(.rel.fini)

.rela.fini
 *(.rela.fini)

.rel.rodata
 *(.rel.rodata)
 *(.rel.rodata.*)
 *(.rel.gnu.linkonce.r*)

.rela.rodata
 *(.rela.rodata)
 *(.rela.rodata.*)
 *(.rela.gnu.linkonce.r*)

.rel.data
 *(.rel.data)
 *(.rel.data.*)
 *(.rel.gnu.linkonce.d*)

.rela.data
 *(.rela.data)
 *(.rela.data.*)
 *(.rela.gnu.linkonce.d*)

.rel.ctors
 *(.rel.ctors)

.rela.ctors
 *(.rela.ctors)

.rel.dtors
 *(.rel.dtors)

.rela.dtors
 *(.rela.dtors)

.rel.got
 *(.rel.got)

.rela.got
 *(.rela.got)

.rel.bss
 *(.rel.bss)

.rela.bss
 *(.rela.bss)

.rel.plt
 *(.rel.plt)

.rela.plt
 *(.rela.plt)

.text           0x00000000      0x8e6
 *(.vectors)
 .vectors       0x00000000       0x26 c:/winavr/bin/../lib/gcc/avr/4.3.2/../../../../avr/lib/avr4/crtm8.o
                0x00000000                __vectors
                0x00000000                __vector_default
 *(.vectors)
 *(.progmem.gcc*)
 *(.progmem*)
                0x00000026                . = ALIGN (0x2)
                0x00000026                __trampolines_start = .
 *(.trampolines)
 .trampolines   0x00000026        0x0 linker stubs
 *(.trampolines*)
                0x00000026                __trampolines_end = .
 *(.jumptables)
 *(.jumptables*)
 *(.lowtext)
 *(.lowtext*)
                0x00000026                __ctors_start = .
 *(.ctors)
                0x00000026                __ctors_end = .
                0x00000026                __dtors_start = .
 *(.dtors)
                0x00000026                __dtors_end = .
 SORT(*)(.ctors)
 SORT(*)(.dtors)
 *(.init0)
 .init0         0x00000026        0x0 c:/winavr/bin/../lib/gcc/avr/4.3.2/../../../../avr/lib/avr4/crtm8.o
                0x00000026                __init
 *(.init0)
 *(.init1)
 *(.init1)
 *(.init2)
 .init2         0x00000026        0xc c:/winavr/bin/../lib/gcc/avr/4.3.2/../../../../avr/lib/avr4/crtm8.o
 *(.init2)
 *(.init3)
 *(.init3)
 *(.init4)
 .init4         0x00000032       0x16 c:/winavr/bin/../lib/gcc/avr/4.3.2/avr4\libgcc.a(_copy_data.o)
                0x00000032                __do_copy_data
 .init4         0x00000048       0x10 c:/winavr/bin/../lib/gcc/avr/4.3.2/avr4\libgcc.a(_clear_bss.o)
                0x00000048                __do_clear_bss
 *(.init4)
 *(.init5)
 *(.init5)
 *(.init6)
 *(.init6)
 *(.init7)
 *(.init7)
 *(.init8)
 *(.init8)
 *(.init9)
 .init9         0x00000058        0x4 c:/winavr/bin/../lib/gcc/avr/4.3.2/../../../../avr/lib/avr4/crtm8.o
 *(.init9)
 *(.text)
 .text          0x0000005c        0x2 c:/winavr/bin/../lib/gcc/avr/4.3.2/../../../../avr/lib/avr4/crtm8.o
                0x0000005c                __vector_1
                0x0000005c                __vector_12
                0x0000005c                __bad_interrupt
                0x0000005c                __vector_3
                0x0000005c                __vector_11
                0x0000005c                __vector_13
                0x0000005c                __vector_17
                0x0000005c                __vector_7
                0x0000005c                __vector_4
                0x0000005c                __vector_9
                0x0000005c                __vector_2
                0x0000005c                __vector_15
                0x0000005c                __vector_8
                0x0000005c                __vector_14
                0x0000005c                __vector_10
                0x0000005c                __vector_16
                0x0000005c                __vector_18
 .text          0x0000005e      0x2a4 atmega8.o
                0x00000258                snake
                0x000000a6                __vector_6
                0x00000154                check
                0x00000096                board_enable_interrupt
                0x000000a6                __vector_5
                0x0000005e                board_init
                0x00000106                main
                0x0000029e                rtclock
 .text          0x00000302        0x0 salvomem.o
 .text          0x00000302       0x74 C:\Pumpkin\Salvo\Lib\GCCAVR\libsalvofgccavr-t.a(salvodelay.o)
                0x00000302                OSDelay
 .text          0x00000376       0x3e C:\Pumpkin\Salvo\Lib\GCCAVR\libsalvofgccavr-t.a(salvoinit.o)
                0x00000376                OSInit
 .text          0x000003b4       0x98 C:\Pumpkin\Salvo\Lib\GCCAVR\libsalvofgccavr-t.a(salvoinit2.o)
                0x000003d4                OSCreateTask
                0x000003b4                OSInitPrioTask
 .text          0x0000044c      0x116 C:\Pumpkin\Salvo\Lib\GCCAVR\libsalvofgccavr-t.a(salvoqins.o)
                0x000004c4                OSInsDelayQ
                0x0000044c                OSInsPrioQ
 .text          0x00000562      0x1d8 C:\Pumpkin\Salvo\Lib\GCCAVR\libsalvofgccavr-t.a(salvosched.o)
                0x00000562                OSSched
 .text          0x0000073a       0x40 C:\Pumpkin\Salvo\Lib\GCCAVR\libsalvofgccavr-t.a(salvotimer.o)
                0x0000073a                OSTimer
 .text          0x0000077a        0x2 C:\Pumpkin\Salvo\Lib\GCCAVR\libsalvofgccavr-t.a(salvohook_idle.o)
                0x0000077a                OSIdlingHook
 .text          0x0000077c       0x12 C:\Pumpkin\Salvo\Lib\GCCAVR\libsalvofgccavr-t.a(salvohook_interrupt.o)
                0x0000077c                OSDisableHook
                0x00000786                OSEnableHook
 .text          0x0000078e        0x4 C:\Pumpkin\Salvo\Lib\GCCAVR\libsalvofgccavr-t.a(salvohook_wdt.o)
                0x0000078e                OSClrWDTHook
 .text          0x00000792       0x74 C:\Pumpkin\Salvo\Lib\GCCAVR\libsalvofgccavr-t.a(salvoportgccavr.o)
                0x000007f8                OSReturn
                0x000007c2                OSCtxSw
                0x00000792                OSDispatch
 .text          0x00000806       0xdc C:\Pumpkin\Salvo\Lib\GCCAVR\libsalvofgccavr-t.a(salvoqdel.o)
                0x0000087e                OSDelDelayQ
                0x00000806                OSDelPrioQ
 .text          0x000008e2        0x0 c:/winavr/bin/../lib/gcc/avr/4.3.2/avr4\libgcc.a(_exit.o)
 .text          0x000008e2        0x0 c:/winavr/bin/../lib/gcc/avr/4.3.2/avr4\libgcc.a(_copy_data.o)
 .text          0x000008e2        0x0 c:/winavr/bin/../lib/gcc/avr/4.3.2/avr4\libgcc.a(_clear_bss.o)
                0x000008e2                . = ALIGN (0x2)
 *(.text.*)
 .text.libgcc   0x000008e2        0x0 c:/winavr/bin/../lib/gcc/avr/4.3.2/avr4\libgcc.a(_exit.o)
 .text.libgcc   0x000008e2        0x0 c:/winavr/bin/../lib/gcc/avr/4.3.2/avr4\libgcc.a(_copy_data.o)
 .text.libgcc   0x000008e2        0x0 c:/winavr/bin/../lib/gcc/avr/4.3.2/avr4\libgcc.a(_clear_bss.o)
                0x000008e2                . = ALIGN (0x2)
 *(.fini9)
 .fini9         0x000008e2        0x0 c:/winavr/bin/../lib/gcc/avr/4.3.2/avr4\libgcc.a(_exit.o)
                0x000008e2                exit
                0x000008e2                _exit
 *(.fini9)
 *(.fini8)
 *(.fini8)
 *(.fini7)
 *(.fini7)
 *(.fini6)
 *(.fini6)
 *(.fini5)
 *(.fini5)
 *(.fini4)
 *(.fini4)
 *(.fini3)
 *(.fini3)
 *(.fini2)
 *(.fini2)
 *(.fini1)
 *(.fini1)
 *(.fini0)
 .fini0         0x000008e2        0x4 c:/winavr/bin/../lib/gcc/avr/4.3.2/avr4\libgcc.a(_exit.o)
 *(.fini0)
                0x000008e6                _etext = .

.data           0x00800060        0x0 load address 0x000008e6
                0x00800060                PROVIDE (__data_start, .)
 *(.data)
 .data          0x00800060        0x0 c:/winavr/bin/../lib/gcc/avr/4.3.2/../../../../avr/lib/avr4/crtm8.o
 .data          0x00800060        0x0 atmega8.o
 .data          0x00800060        0x0 salvomem.o
 .data          0x00800060        0x0 C:\Pumpkin\Salvo\Lib\GCCAVR\libsalvofgccavr-t.a(salvodelay.o)
 .data          0x00800060        0x0 C:\Pumpkin\Salvo\Lib\GCCAVR\libsalvofgccavr-t.a(salvoinit.o)
 .data          0x00800060        0x0 C:\Pumpkin\Salvo\Lib\GCCAVR\libsalvofgccavr-t.a(salvoinit2.o)
 .data          0x00800060        0x0 C:\Pumpkin\Salvo\Lib\GCCAVR\libsalvofgccavr-t.a(salvoqins.o)
 .data          0x00800060        0x0 C:\Pumpkin\Salvo\Lib\GCCAVR\libsalvofgccavr-t.a(salvosched.o)
 .data          0x00800060        0x0 C:\Pumpkin\Salvo\Lib\GCCAVR\libsalvofgccavr-t.a(salvotimer.o)
 .data          0x00800060        0x0 C:\Pumpkin\Salvo\Lib\GCCAVR\libsalvofgccavr-t.a(salvohook_idle.o)
 .data          0x00800060        0x0 C:\Pumpkin\Salvo\Lib\GCCAVR\libsalvofgccavr-t.a(salvohook_interrupt.o)
 .data          0x00800060        0x0 C:\Pumpkin\Salvo\Lib\GCCAVR\libsalvofgccavr-t.a(salvohook_wdt.o)
 .data          0x00800060        0x0 C:\Pumpkin\Salvo\Lib\GCCAVR\libsalvofgccavr-t.a(salvoportgccavr.o)
 .data          0x00800060        0x0 C:\Pumpkin\Salvo\Lib\GCCAVR\libsalvofgccavr-t.a(salvoqdel.o)
 .data          0x00800060        0x0 c:/winavr/bin/../lib/gcc/avr/4.3.2/avr4\libgcc.a(_exit.o)
 .data          0x00800060        0x0 c:/winavr/bin/../lib/gcc/avr/4.3.2/avr4\libgcc.a(_copy_data.o)
 .data          0x00800060        0x0 c:/winavr/bin/../lib/gcc/avr/4.3.2/avr4\libgcc.a(_clear_bss.o)
 *(.data*)
 *(.rodata)
 *(.rodata*)
 *(.gnu.linkonce.d*)
                0x00800060                . = ALIGN (0x2)
                0x00800060                _edata = .
                0x00800060                PROVIDE (__data_end, .)

.bss            0x00800060       0x41
                0x00800060                PROVIDE (__bss_start, .)
 *(.bss)
 .bss           0x00800060        0x0 c:/winavr/bin/../lib/gcc/avr/4.3.2/../../../../avr/lib/avr4/crtm8.o
 .bss           0x00800060        0x9 atmega8.o
                0x00800068                temp
                0x00800060                i
                0x00800062                d
                0x00800065                min
                0x00800061                count
                0x00800066                sec
                0x00800064                h
                0x00800063                m
                0x00800067                value
 .bss           0x00800069        0x0 salvomem.o
 .bss           0x00800069        0x0 C:\Pumpkin\Salvo\Lib\GCCAVR\libsalvofgccavr-t.a(salvodelay.o)
 .bss           0x00800069        0x0 C:\Pumpkin\Salvo\Lib\GCCAVR\libsalvofgccavr-t.a(salvoinit.o)
 .bss           0x00800069        0x0 C:\Pumpkin\Salvo\Lib\GCCAVR\libsalvofgccavr-t.a(salvoinit2.o)
 .bss           0x00800069        0x0 C:\Pumpkin\Salvo\Lib\GCCAVR\libsalvofgccavr-t.a(salvoqins.o)
 .bss           0x00800069        0x0 C:\Pumpkin\Salvo\Lib\GCCAVR\libsalvofgccavr-t.a(salvosched.o)
 .bss           0x00800069        0x0 C:\Pumpkin\Salvo\Lib\GCCAVR\libsalvofgccavr-t.a(salvotimer.o)
 .bss           0x00800069        0x0 C:\Pumpkin\Salvo\Lib\GCCAVR\libsalvofgccavr-t.a(salvohook_idle.o)
 .bss           0x00800069        0x1 C:\Pumpkin\Salvo\Lib\GCCAVR\libsalvofgccavr-t.a(salvohook_interrupt.o)
 .bss           0x0080006a        0x0 C:\Pumpkin\Salvo\Lib\GCCAVR\libsalvofgccavr-t.a(salvohook_wdt.o)
 .bss           0x0080006a        0x0 C:\Pumpkin\Salvo\Lib\GCCAVR\libsalvofgccavr-t.a(salvoportgccavr.o)
 .bss           0x0080006a        0x0 C:\Pumpkin\Salvo\Lib\GCCAVR\libsalvofgccavr-t.a(salvoqdel.o)
 .bss           0x0080006a        0x0 c:/winavr/bin/../lib/gcc/avr/4.3.2/avr4\libgcc.a(_exit.o)
 .bss           0x0080006a        0x0 c:/winavr/bin/../lib/gcc/avr/4.3.2/avr4\libgcc.a(_copy_data.o)
 .bss           0x0080006a        0x0 c:/winavr/bin/../lib/gcc/avr/4.3.2/avr4\libgcc.a(_clear_bss.o)
 *(.bss*)
 *(COMMON)
 COMMON         0x0080006a       0x37 salvomem.o
                0x0080006a                OScTcbP
                0x0080006c                OSsigQinP
                0x0080006e                OSframeP
                0x00800070                OSdelayQP
                0x00800072                OSlostTicks
                0x00800073                OSeligQP
                0x00800075                OStimerTicks
                0x00800079                OSecbArea
                0x0080007e                OStcbArea
                0x0080009f                OSsigQoutP
                0x008000a1                PROVIDE (__bss_end, .)
                0x000008e6                __data_load_start = LOADADDR (.data)
                0x000008e6                __data_load_end = (__data_load_start + SIZEOF (.data))

.noinit         0x008000a1        0x0
                0x008000a1                PROVIDE (__noinit_start, .)
 *(.noinit*)
                0x008000a1                PROVIDE (__noinit_end, .)
                0x008000a1                _end = .
                0x008000a1                PROVIDE (__heap_start, .)

.eeprom         0x00810000        0x0
 *(.eeprom*)
                0x00810000                __eeprom_end = .

.fuse
 *(.fuse)
 *(.lfuse)
 *(.hfuse)
 *(.efuse)

.lock
 *(.lock*)

.signature
 *(.signature*)

.stab
 *(.stab)

.stabstr
 *(.stabstr)

.stab.excl
 *(.stab.excl)

.stab.exclstr
 *(.stab.exclstr)

.stab.index
 *(.stab.index)

.stab.indexstr
 *(.stab.indexstr)

.comment
 *(.comment)

.debug
 *(.debug)

.line
 *(.line)

.debug_srcinfo
 *(.debug_srcinfo)

.debug_sfnames
 *(.debug_sfnames)

.debug_aranges  0x00000000       0x20
 *(.debug_aranges)
 .debug_aranges
                0x00000000       0x20 atmega8.o

.debug_pubnames
                0x00000000      0x159
 *(.debug_pubnames)
 .debug_pubnames
                0x00000000       0xb9 atmega8.o
 .debug_pubnames
                0x000000b9       0xa0 salvomem.o

.debug_info     0x00000000      0xac7
 *(.debug_info)
 .debug_info    0x00000000      0x599 atmega8.o
 .debug_info    0x00000599      0x52e salvomem.o
 *(.gnu.linkonce.wi.*)

.debug_abbrev   0x00000000      0x308
 *(.debug_abbrev)
 .debug_abbrev  0x00000000      0x1dc atmega8.o
 .debug_abbrev  0x000001dc      0x12c salvomem.o

.debug_line     0x00000000      0x3d5
 *(.debug_line)
 .debug_line    0x00000000      0x331 atmega8.o
 .debug_line    0x00000331       0xa4 salvomem.o

.debug_frame    0x00000000       0xa0
 *(.debug_frame)
 .debug_frame   0x00000000       0xa0 atmega8.o

.debug_str      0x00000000      0x3f6
 *(.debug_str)
 .debug_str     0x00000000      0x2df atmega8.o
                                0x323 (size before relaxing)
 .debug_str     0x000002df      0x117 salvomem.o
                                0x3a6 (size before relaxing)

.debug_loc
 *(.debug_loc)

.debug_macinfo
 *(.debug_macinfo)
OUTPUT(atmega_8.elf elf32-avr)
LOAD linker stubs
